2025-06-22T10:25:04.204+05:30  INFO 23640 --- [Crud] [main] com.crudoperation.Crud.CrudApplication   : Starting CrudApplication using Java 24 with PID 23640 (C:\Users\pmust\Downloads\Crud\Crud\target\classes started by pmust in C:\Users\pmust\Downloads\Crud\Crud)
2025-06-22T10:25:04.209+05:30 DEBUG 23640 --- [Crud] [main] com.crudoperation.Crud.CrudApplication   : Running with Spring Boot v3.5.0, Spring v6.2.7
2025-06-22T10:25:04.211+05:30  INFO 23640 --- [Crud] [main] com.crudoperation.Crud.CrudApplication   : No active profile set, falling back to 1 default profile: "default"
2025-06-22T10:25:05.177+05:30  INFO 23640 --- [Crud] [main] o.s.b.w.embedded.tomcat.TomcatWebServer  : Tomcat initialized with port 8080 (http)
2025-06-22T10:25:05.194+05:30  INFO 23640 --- [Crud] [main] o.apache.catalina.core.StandardService   : Starting service [Tomcat]
2025-06-22T10:25:05.194+05:30  INFO 23640 --- [Crud] [main] o.apache.catalina.core.StandardEngine    : Starting Servlet engine: [Apache Tomcat/10.1.41]
2025-06-22T10:25:05.252+05:30  INFO 23640 --- [Crud] [main] o.a.c.c.C.[Tomcat].[localhost].[/]       : Initializing Spring embedded WebApplicationContext
2025-06-22T10:25:05.253+05:30  INFO 23640 --- [Crud] [main] w.s.c.ServletWebServerApplicationContext : Root WebApplicationContext: initialization completed in 965 ms
2025-06-22T10:25:05.622+05:30  INFO 23640 --- [Crud] [main] o.s.b.w.embedded.tomcat.TomcatWebServer  : Tomcat started on port 8080 (http) with context path '/'
2025-06-22T10:25:05.628+05:30  INFO 23640 --- [Crud] [main] com.crudoperation.Crud.CrudApplication   : Started CrudApplication in 2.047 seconds (process running for 2.395)
2025-06-22T10:26:37.904+05:30  INFO 23640 --- [Crud] [SpringApplicationShutdownHook] o.s.b.w.e.tomcat.GracefulShutdown        : Commencing graceful shutdown. Waiting for active requests to complete
2025-06-22T10:26:37.915+05:30  INFO 23640 --- [Crud] [tomcat-shutdown] o.s.b.w.e.tomcat.GracefulShutdown        : Graceful shutdown complete
2025-06-22T10:26:39.699+05:30  INFO 16544 --- [Crud] [main] com.crudoperation.Crud.CrudApplication   : Starting CrudApplication using Java 24 with PID 16544 (C:\Users\pmust\Downloads\Crud\Crud\target\classes started by pmust in C:\Users\pmust\Downloads\Crud\Crud)
2025-06-22T10:26:39.702+05:30 DEBUG 16544 --- [Crud] [main] com.crudoperation.Crud.CrudApplication   : Running with Spring Boot v3.5.0, Spring v6.2.7
2025-06-22T10:26:39.703+05:30  INFO 16544 --- [Crud] [main] com.crudoperation.Crud.CrudApplication   : No active profile set, falling back to 1 default profile: "default"
2025-06-22T10:26:40.579+05:30  INFO 16544 --- [Crud] [main] o.s.b.w.embedded.tomcat.TomcatWebServer  : Tomcat initialized with port 8080 (http)
2025-06-22T10:26:40.593+05:30  INFO 16544 --- [Crud] [main] o.apache.catalina.core.StandardService   : Starting service [Tomcat]
2025-06-22T10:26:40.594+05:30  INFO 16544 --- [Crud] [main] o.apache.catalina.core.StandardEngine    : Starting Servlet engine: [Apache Tomcat/10.1.41]
2025-06-22T10:26:40.638+05:30  INFO 16544 --- [Crud] [main] o.a.c.c.C.[Tomcat].[localhost].[/]       : Initializing Spring embedded WebApplicationContext
2025-06-22T10:26:40.639+05:30  INFO 16544 --- [Crud] [main] w.s.c.ServletWebServerApplicationContext : Root WebApplicationContext: initialization completed in 876 ms
2025-06-22T10:26:41.038+05:30  INFO 16544 --- [Crud] [main] o.s.b.w.embedded.tomcat.TomcatWebServer  : Tomcat started on port 8080 (http) with context path '/'
2025-06-22T10:26:41.044+05:30  INFO 16544 --- [Crud] [main] com.crudoperation.Crud.CrudApplication   : Started CrudApplication in 1.881 seconds (process running for 2.215)
2025-06-22T10:26:52.653+05:30  INFO 16544 --- [Crud] [SpringApplicationShutdownHook] o.s.b.w.e.tomcat.GracefulShutdown        : Commencing graceful shutdown. Waiting for active requests to complete
2025-06-22T10:26:52.662+05:30  INFO 16544 --- [Crud] [tomcat-shutdown] o.s.b.w.e.tomcat.GracefulShutdown        : Graceful shutdown complete
